                         Chronologic VCS (TM)
      Version T-2022.06-SP2-1_Full64 -- Sat Jun  7 03:20:45 2025

                    Copyright (c) 1991 - 2023 Synopsys, Inc.
   This software and the associated documentation are proprietary to Synopsys,
 Inc. This software may only be used in accordance with the terms and conditions
 of a written license agreement with Synopsys, Inc. All other use, reproduction,
   or distribution of this software is strictly prohibited.  Licensed Products
     communicate with Synopsys servers for the purpose of providing software
    updates, detecting software piracy and verifying that customers are using
    Licensed Products in conformity with the applicable License Key for such
  Licensed Products. Synopsys will use information gathered in connection with
    this process to deliver software updates and pursue software pirates and
                                   infringers.

 Inclusivity & Diversity - Visit SolvNetPlus to read the "Synopsys Statement on
            Inclusivity and Diversity" (Refer to article 000036315 at
                        https://solvnetplus.synopsys.com)


Warning-[LCA_FEATURES_ENABLED] Usage warning
  LCA features enabled by '-lca' argument on the command line.  For more 
  information regarding list of LCA features please refer to Chapter "LCA 
  features" in the VCS Release Notes

Warning : License for product VCS-BASE-COMPILE(946) will expire within 12 days, on: 18-jun-2025.

If you would like to temporarily disable this message, set 
 the VCS_LIC_EXPIRE_WARNING environment variable to the number of days
before expiration that you want this message to start (the minimum is 0).
Parsing design file 'src/adder.sv'
Parsing design file 'src/alu.sv'
Parsing design file 'src/controller.sv'
Parsing design file 'src/datapath.sv'

Error-[SE] Syntax error
  Following verilog source has syntax error :
  "src/datapath.sv", 98: token is 'g_ID'
  g_ID),
      ^

1 warning
1 error
CPU time: .095 seconds to compile
